// Jest Snapshot v1, https://goo.gl/fbAQLP

exports[`checks should fail if required key is not found 1`] = `"must have a state"`;

exports[`checks should fail with default message 1`] = `"The parameter state is required"`;
